// Jest Snapshot v1, https://goo.gl/fbAQLP

exports[`Search Box should render correctly 1`] = `
<Row
  tag="div"
>
  <Col
    className="mb-4"
    md={8}
    sm={12}
    tag="div"
    widths={
      Array [
        "xs",
        "sm",
        "md",
        "lg",
        "xl",
      ]
    }
  >
    <withRouter(SearchBox) />
  </Col>
  <Col
    tag="div"
    widths={
      Array [
        "xs",
        "sm",
        "md",
        "lg",
        "xl",
      ]
    }
  >
    <AddWordView />
  </Col>
</Row>
`;
